
> react-example@0.0.0 test
> vitest run


[1m[30m[46m RUN [49m[39m[22m [36mv4.1.10 [39m[90m/app/applet[39m

[2m8:42:05 AM[22m [33m[1m[vite][22m[39m (client) warning: Duplicate key "Timestamp" in object literal
19 |      serverTimestamp: vi.fn(() => 'SERVER_TIMESTAMP'),
20 |      Timestamp: { toDate: function() { return new Date(); }, now: function() { return { toDate: function() { return new Date(); } }; }, fromDate: function(d) { return { toDate: function() { return d; } }; } },
21 |      Timestamp: class Timestamp { toDate() { return new Date(); } static now() { return new Timestamp(); } static fromDate(d) { return new Timestamp(); } },
   |      ^
22 |      Timestamp: class Timestamp { constructor(s,n){} toDate() { return new Date(); } static now() { return new Timestamp(0,0); } static fromDate(d) { return new Timestamp(0,0); } },
23 |    };

  Plugin: vite:esbuild
  File: /app/applet/src/domains/attendance/__tests__/repositories/FirestoreAttendanceRepository.test.ts
[2m8:42:05 AM[22m [33m[1m[vite][22m[39m (client) warning: Duplicate key "Timestamp" in object literal
20 |      Timestamp: { toDate: function() { return new Date(); }, now: function() { return { toDate: function() { return new Date(); } }; }, fromDate: function(d) { return { toDate: function() { return d; } }; } },
21 |      Timestamp: class Timestamp { toDate() { return new Date(); } static now() { return new Timestamp(); } static fromDate(d) { return new Timestamp(); } },
22 |      Timestamp: class Timestamp { constructor(s,n){} toDate() { return new Date(); } static now() { return new Timestamp(0,0); } static fromDate(d) { return new Timestamp(0,0); } },
   |      ^
23 |    };
24 |  });

  Plugin: vite:esbuild
  File: /app/applet/src/domains/attendance/__tests__/repositories/FirestoreAttendanceRepository.test.ts
[90mstderr[2m | src/domains/attendance/__tests__/repositories/FirestoreAttendanceRepository.test.ts
[22m[39mFailed to initialize Firestore with persistent cache (likely due to iframe/sandbox constraints). Falling back to standard getFirestore: Error: [vitest] No "persistentLocalCache" export is defined on the "firebase/firestore" mock. Did you forget to return it from "vi.mock"?
If you need to partially mock a module, you can use "importOriginal" helper inside:

    at VitestMocker.createError [90m(file:///app/applet/[39mnode_modules/[4mvitest[24m/dist/chunks/startVitestModuleRunner.DB-7oCpn.js:62:17[90m)[39m
    at Object.get [90m(file:///app/applet/[39mnode_modules/[4mvitest[24m/dist/chunks/startVitestModuleRunner.DB-7oCpn.js:327:16[90m)[39m
    at [90m/app/applet/[39msrc/firebase.ts:21:46
[90m    at processTicksAndRejections (node:internal/process/task_queues:103:5)[39m
    at VitestModuleEvaluator._runInlinedModule [90m(file:///app/applet/[39mnode_modules/[4mvitest[24m/dist/module-evaluator.js:206:4[90m)[39m
    at VitestModuleRunner.directRequest [90m(file:///app/applet/[39mnode_modules/[4mvite[24m/dist/node/module-runner.js:1284:61[90m)[39m
    at VitestModuleRunner.cachedRequest [90m(file:///app/applet/[39mnode_modules/[4mvite[24m/dist/node/module-runner.js:1180:76[90m)[39m
    at [90m/app/applet/[39msrc/domains/attendance/repositories/FirestoreAttendanceRepository.ts:2:1
    at VitestModuleEvaluator._runInlinedModule [90m(file:///app/applet/[39mnode_modules/[4mvitest[24m/dist/module-evaluator.js:206:4[90m)[39m
    at VitestModuleRunner.directRequest [90m(file:///app/applet/[39mnode_modules/[4mvite[24m/dist/node/module-runner.js:1284:61[90m)[39m {
  codeFrame: [32m'vi.mock(import("firebase/firestore"), async (importOriginal) => {\n'[39m +
    [32m'  const actual = await importOriginal()\n'[39m +
    [32m'  return {\n'[39m +
    [32m'    ...actual,\n'[39m +
    [32m'    // your mocked methods\n'[39m +
    [32m'  }\n'[39m +
    [32m'})'[39m
}

 [31m❯[39m src/domains/attendance/__tests__/repositories/FirestoreAttendanceRepository.test.ts [2m([22m[2m5 tests[22m[2m | [22m[31m3 failed[39m[2m)[22m[32m 10[2mms[22m[39m
     [32m✓[39m should findById[32m 3[2mms[22m[39m
[31m     [31m×[31m should findLatestByStaffIdAndDate[39m[32m 2[2mms[22m[39m
     [32m✓[39m should findByDateRange[32m 2[2mms[22m[39m
[31m     [31m×[31m should create attendance[39m[32m 1[2mms[22m[39m
[31m     [31m×[31m should update attendance[39m[32m 1[2mms[22m[39m
[2m8:42:07 AM[22m [33m[1m[vite][22m[39m (client) warning: Duplicate key "Timestamp" in object literal
16 |      serverTimestamp: vi.fn(() => 'SERVER_TIMESTAMP'),
17 |      Timestamp: { toDate: function() { return new Date(); }, now: function() { return { toDate: function() { return new Date(); } }; }, fromDate: function(d) { return { toDate: function() { return d; } }; } },
18 |      Timestamp: class Timestamp { toDate() { return new Date(); } static now() { return new Timestamp(); } static fromDate(d) { return new Timestamp(); } },
   |      ^
19 |      Timestamp: class Timestamp { constructor(s,n){} toDate() { return new Date(); } static now() { return new Timestamp(0,0); } static fromDate(d) { return new Timestamp(0,0); } },
20 |    };

  Plugin: vite:esbuild
  File: /app/applet/src/domains/attendance/__tests__/repositories/FirestoreAttendanceLogRepository.test.ts
[2m8:42:07 AM[22m [33m[1m[vite][22m[39m (client) warning: Duplicate key "Timestamp" in object literal
17 |      Timestamp: { toDate: function() { return new Date(); }, now: function() { return { toDate: function() { return new Date(); } }; }, fromDate: function(d) { return { toDate: function() { return d; } }; } },
18 |      Timestamp: class Timestamp { toDate() { return new Date(); } static now() { return new Timestamp(); } static fromDate(d) { return new Timestamp(); } },
19 |      Timestamp: class Timestamp { constructor(s,n){} toDate() { return new Date(); } static now() { return new Timestamp(0,0); } static fromDate(d) { return new Timestamp(0,0); } },
   |      ^
20 |    };
21 |  });

  Plugin: vite:esbuild
  File: /app/applet/src/domains/attendance/__tests__/repositories/FirestoreAttendanceLogRepository.test.ts
[90mstderr[2m | src/domains/attendance/__tests__/repositories/FirestoreAttendanceLogRepository.test.ts
[22m[39mFailed to initialize Firestore with persistent cache (likely due to iframe/sandbox constraints). Falling back to standard getFirestore: Error: [vitest] No "persistentLocalCache" export is defined on the "firebase/firestore" mock. Did you forget to return it from "vi.mock"?
If you need to partially mock a module, you can use "importOriginal" helper inside:

    at VitestMocker.createError [90m(file:///app/applet/[39mnode_modules/[4mvitest[24m/dist/chunks/startVitestModuleRunner.DB-7oCpn.js:62:17[90m)[39m
    at Object.get [90m(file:///app/applet/[39mnode_modules/[4mvitest[24m/dist/chunks/startVitestModuleRunner.DB-7oCpn.js:327:16[90m)[39m
    at [90m/app/applet/[39msrc/firebase.ts:21:46
[90m    at processTicksAndRejections (node:internal/process/task_queues:103:5)[39m
    at VitestModuleEvaluator._runInlinedModule [90m(file:///app/applet/[39mnode_modules/[4mvitest[24m/dist/module-evaluator.js:206:4[90m)[39m
    at VitestModuleRunner.directRequest [90m(file:///app/applet/[39mnode_modules/[4mvite[24m/dist/node/module-runner.js:1284:61[90m)[39m
    at VitestModuleRunner.cachedRequest [90m(file:///app/applet/[39mnode_modules/[4mvite[24m/dist/node/module-runner.js:1180:76[90m)[39m
    at [90m/app/applet/[39msrc/domains/attendance/repositories/FirestoreAttendanceLogRepository.ts:2:1
    at VitestModuleEvaluator._runInlinedModule [90m(file:///app/applet/[39mnode_modules/[4mvitest[24m/dist/module-evaluator.js:206:4[90m)[39m
    at VitestModuleRunner.directRequest [90m(file:///app/applet/[39mnode_modules/[4mvite[24m/dist/node/module-runner.js:1284:61[90m)[39m {
  codeFrame: [32m'vi.mock(import("firebase/firestore"), async (importOriginal) => {\n'[39m +
    [32m'  const actual = await importOriginal()\n'[39m +
    [32m'  return {\n'[39m +
    [32m'    ...actual,\n'[39m +
    [32m'    // your mocked methods\n'[39m +
    [32m'  }\n'[39m +
    [32m'})'[39m
}

 [31m❯[39m src/domains/attendance/__tests__/repositories/FirestoreAttendanceLogRepository.test.ts [2m([22m[2m3 tests[22m[2m | [22m[31m2 failed[39m[2m)[22m[32m 8[2mms[22m[39m
     [32m✓[39m should findById[32m 3[2mms[22m[39m
[31m     [31m×[31m should findByAttendanceId[39m[32m 2[2mms[22m[39m
[31m     [31m×[31m should create log[39m[32m 1[2mms[22m[39m
[2m8:42:09 AM[22m [33m[1m[vite][22m[39m (client) warning: Duplicate key "Timestamp" in object literal
16 |      serverTimestamp: vi.fn(() => 'SERVER_TIMESTAMP'),
17 |      Timestamp: { toDate: function() { return new Date(); }, now: function() { return { toDate: function() { return new Date(); } }; }, fromDate: function(d) { return { toDate: function() { return d; } }; } },
18 |      Timestamp: class Timestamp { toDate() { return new Date(); } static now() { return new Timestamp(); } static fromDate(d) { return new Timestamp(); } },
   |      ^
19 |      Timestamp: class Timestamp { constructor(s,n){} toDate() { return new Date(); } static now() { return new Timestamp(0,0); } static fromDate(d) { return new Timestamp(0,0); } },
20 |    };

  Plugin: vite:esbuild
  File: /app/applet/src/domains/attendance/__tests__/repositories/FirestoreBarcodeRepository.test.ts
[2m8:42:09 AM[22m [33m[1m[vite][22m[39m (client) warning: Duplicate key "Timestamp" in object literal
17 |      Timestamp: { toDate: function() { return new Date(); }, now: function() { return { toDate: function() { return new Date(); } }; }, fromDate: function(d) { return { toDate: function() { return d; } }; } },
18 |      Timestamp: class Timestamp { toDate() { return new Date(); } static now() { return new Timestamp(); } static fromDate(d) { return new Timestamp(); } },
19 |      Timestamp: class Timestamp { constructor(s,n){} toDate() { return new Date(); } static now() { return new Timestamp(0,0); } static fromDate(d) { return new Timestamp(0,0); } },
   |      ^
20 |    };
21 |  });

  Plugin: vite:esbuild
  File: /app/applet/src/domains/attendance/__tests__/repositories/FirestoreBarcodeRepository.test.ts
[90mstderr[2m | src/domains/attendance/__tests__/repositories/FirestoreBarcodeRepository.test.ts
[22m[39mFailed to initialize Firestore with persistent cache (likely due to iframe/sandbox constraints). Falling back to standard getFirestore: Error: [vitest] No "persistentLocalCache" export is defined on the "firebase/firestore" mock. Did you forget to return it from "vi.mock"?
If you need to partially mock a module, you can use "importOriginal" helper inside:

    at VitestMocker.createError [90m(file:///app/applet/[39mnode_modules/[4mvitest[24m/dist/chunks/startVitestModuleRunner.DB-7oCpn.js:62:17[90m)[39m
    at Object.get [90m(file:///app/applet/[39mnode_modules/[4mvitest[24m/dist/chunks/startVitestModuleRunner.DB-7oCpn.js:327:16[90m)[39m
    at [90m/app/applet/[39msrc/firebase.ts:21:46
[90m    at processTicksAndRejections (node:internal/process/task_queues:103:5)[39m
    at VitestModuleEvaluator._runInlinedModule [90m(file:///app/applet/[39mnode_modules/[4mvitest[24m/dist/module-evaluator.js:206:4[90m)[39m
    at VitestModuleRunner.directRequest [90m(file:///app/applet/[39mnode_modules/[4mvite[24m/dist/node/module-runner.js:1284:61[90m)[39m
    at VitestModuleRunner.cachedRequest [90m(file:///app/applet/[39mnode_modules/[4mvite[24m/dist/node/module-runner.js:1180:76[90m)[39m
    at [90m/app/applet/[39msrc/domains/attendance/repositories/FirestoreBarcodeRepository.ts:2:1
    at VitestModuleEvaluator._runInlinedModule [90m(file:///app/applet/[39mnode_modules/[4mvitest[24m/dist/module-evaluator.js:206:4[90m)[39m
    at VitestModuleRunner.directRequest [90m(file:///app/applet/[39mnode_modules/[4mvite[24m/dist/node/module-runner.js:1284:61[90m)[39m {
  codeFrame: [32m'vi.mock(import("firebase/firestore"), async (importOriginal) => {\n'[39m +
    [32m'  const actual = await importOriginal()\n'[39m +
    [32m'  return {\n'[39m +
    [32m'    ...actual,\n'[39m +
    [32m'    // your mocked methods\n'[39m +
    [32m'  }\n'[39m +
    [32m'})'[39m
}

 [31m❯[39m src/domains/attendance/__tests__/repositories/FirestoreBarcodeRepository.test.ts [2m([22m[2m5 tests[22m[2m | [22m[31m2 failed[39m[2m)[22m[32m 12[2mms[22m[39m
     [32m✓[39m should findById[32m 3[2mms[22m[39m
     [32m✓[39m should findByToken[32m 1[2mms[22m[39m
[31m     [31m×[31m should findActiveByStaff[39m[32m 4[2mms[22m[39m
[31m     [31m×[31m should create barcode[39m[32m 1[2mms[22m[39m
     [32m✓[39m should update barcode[32m 1[2mms[22m[39m
[2m8:42:11 AM[22m [33m[1m[vite][22m[39m (client) warning: Duplicate key "Timestamp" in object literal
11 |      serverTimestamp: vi.fn(() => 'SERVER_TIMESTAMP'),
12 |      Timestamp: { toDate: function() { return new Date(); }, now: function() { return { toDate: function() { return new Date(); } }; }, fromDate: function(d) { return { toDate: function() { return d; } }; } },
13 |      Timestamp: class Timestamp { toDate() { return new Date(); } static now() { return new Timestamp(); } static fromDate(d) { return new Timestamp(); } },
   |      ^
14 |      Timestamp: class Timestamp { constructor(s,n){} toDate() { return new Date(); } static now() { return new Timestamp(0,0); } static fromDate(d) { return new Timestamp(0,0); } },
15 |    };

  Plugin: vite:esbuild
  File: /app/applet/src/domains/attendance/__tests__/services/FirestoreAttendanceTransactionService.test.ts
[2m8:42:11 AM[22m [33m[1m[vite][22m[39m (client) warning: Duplicate key "Timestamp" in object literal
12 |      Timestamp: { toDate: function() { return new Date(); }, now: function() { return { toDate: function() { return new Date(); } }; }, fromDate: function(d) { return { toDate: function() { return d; } }; } },
13 |      Timestamp: class Timestamp { toDate() { return new Date(); } static now() { return new Timestamp(); } static fromDate(d) { return new Timestamp(); } },
14 |      Timestamp: class Timestamp { constructor(s,n){} toDate() { return new Date(); } static now() { return new Timestamp(0,0); } static fromDate(d) { return new Timestamp(0,0); } },
   |      ^
15 |    };
16 |  });

  Plugin: vite:esbuild
  File: /app/applet/src/domains/attendance/__tests__/services/FirestoreAttendanceTransactionService.test.ts
[90mstderr[2m | src/domains/attendance/__tests__/services/FirestoreAttendanceTransactionService.test.ts
[22m[39mFailed to initialize Firestore with persistent cache (likely due to iframe/sandbox constraints). Falling back to standard getFirestore: Error: [vitest] No "persistentLocalCache" export is defined on the "firebase/firestore" mock. Did you forget to return it from "vi.mock"?
If you need to partially mock a module, you can use "importOriginal" helper inside:

    at VitestMocker.createError [90m(file:///app/applet/[39mnode_modules/[4mvitest[24m/dist/chunks/startVitestModuleRunner.DB-7oCpn.js:62:17[90m)[39m
    at Object.get [90m(file:///app/applet/[39mnode_modules/[4mvitest[24m/dist/chunks/startVitestModuleRunner.DB-7oCpn.js:327:16[90m)[39m
    at [90m/app/applet/[39msrc/firebase.ts:21:46
[90m    at processTicksAndRejections (node:internal/process/task_queues:103:5)[39m
    at VitestModuleEvaluator._runInlinedModule [90m(file:///app/applet/[39mnode_modules/[4mvitest[24m/dist/module-evaluator.js:206:4[90m)[39m
    at VitestModuleRunner.directRequest [90m(file:///app/applet/[39mnode_modules/[4mvite[24m/dist/node/module-runner.js:1284:61[90m)[39m
    at VitestModuleRunner.cachedRequest [90m(file:///app/applet/[39mnode_modules/[4mvite[24m/dist/node/module-runner.js:1180:76[90m)[39m
    at [90m/app/applet/[39msrc/domains/attendance/services/FirestoreAttendanceTransactionService.ts:2:1
    at VitestModuleEvaluator._runInlinedModule [90m(file:///app/applet/[39mnode_modules/[4mvitest[24m/dist/module-evaluator.js:206:4[90m)[39m
    at VitestModuleRunner.directRequest [90m(file:///app/applet/[39mnode_modules/[4mvite[24m/dist/node/module-runner.js:1284:61[90m)[39m {
  codeFrame: [32m'vi.mock(import("firebase/firestore"), async (importOriginal) => {\n'[39m +
    [32m'  const actual = await importOriginal()\n'[39m +
    [32m'  return {\n'[39m +
    [32m'    ...actual,\n'[39m +
    [32m'    // your mocked methods\n'[39m +
    [32m'  }\n'[39m +
    [32m'})'[39m
}

 [31m❯[39m src/domains/attendance/__tests__/services/FirestoreAttendanceTransactionService.test.ts [2m([22m[2m7 tests[22m[2m | [22m[31m7 failed[39m[2m)[22m[32m 138[2mms[22m[39m
[31m     [31m×[31m should execute CheckIn transaction successfully[39m[32m 133[2mms[22m[39m
[31m     [31m×[31m should fail CheckIn if record already exists[39m[32m 1[2mms[22m[39m
[31m     [31m×[31m should execute CheckOut transaction successfully[39m[32m 0[2mms[22m[39m
[31m     [31m×[31m should fail CheckOut if record does not exist[39m[32m 0[2mms[22m[39m
[31m     [31m×[31m should execute executeManual as checkin[39m[32m 0[2mms[22m[39m
[31m     [31m×[31m should execute executeManualUpdate as checkout[39m[32m 1[2mms[22m[39m
[31m     [31m×[31m should execute FailedLog transaction[39m[32m 0[2mms[22m[39m
 [31m❯[39m src/domains/attendance/__tests__/repositories/FirestoreStaffRepository.test.ts [2m([22m[2m0 test[22m[2m)[22m
[90mstderr[2m | src/domains/attendance/__tests__/ui/ScannerPage.test.tsx
[22m[39m[vitest] The vi.fn() mock did not use 'function' or 'class' in its implementation, see https://vitest.dev/api/vi#vi-spyon for examples.

 [31m❯[39m src/domains/attendance/__tests__/ui/ScannerPage.test.tsx [2m([22m[2m0 test[22m[2m)[22m
 [32m✓[39m src/domains/attendance/__tests__/scanner/USBScannerAdapter.test.ts [2m([22m[2m4 tests[22m[2m)[22m[32m 16[2mms[22m[39m
 [32m✓[39m src/domains/attendance/__tests__/BarcodeService.test.ts [2m([22m[2m12 tests[22m[2m)[22m[32m 21[2mms[22m[39m
 [32m✓[39m src/domains/attendance/__tests__/StaffService.test.ts [2m([22m[2m19 tests[22m[2m)[22m[32m 21[2mms[22m[39m
 [32m✓[39m src/domains/attendance/__tests__/scanner/UnifiedScannerService.test.ts [2m([22m[2m9 tests[22m[2m)[22m[32m 33[2mms[22m[39m
 [32m✓[39m src/domains/attendance/__tests__/scanner/CameraScannerAdapter.test.ts [2m([22m[2m6 tests[22m[2m)[22m[32m 19[2mms[22m[39m
 [32m✓[39m src/domains/attendance/__tests__/AttendanceService.test.ts [2m([22m[2m6 tests[22m[2m)[22m[32m 16[2mms[22m[39m
 [32m✓[39m src/domains/attendance/__tests__/scanner/HardwareDebouncer.test.ts [2m([22m[2m8 tests[22m[2m)[22m[32m 12[2mms[22m[39m
[90mstderr[2m | src/domains/attendance/__tests__/services/FirestoreAttendanceQueryService.test.ts
[22m[39mFailed to initialize Firestore with persistent cache (likely due to iframe/sandbox constraints). Falling back to standard getFirestore: Error: [vitest] No "persistentLocalCache" export is defined on the "firebase/firestore" mock. Did you forget to return it from "vi.mock"?
If you need to partially mock a module, you can use "importOriginal" helper inside:

    at VitestMocker.createError [90m(file:///app/applet/[39mnode_modules/[4mvitest[24m/dist/chunks/startVitestModuleRunner.DB-7oCpn.js:62:17[90m)[39m
    at Object.get [90m(file:///app/applet/[39mnode_modules/[4mvitest[24m/dist/chunks/startVitestModuleRunner.DB-7oCpn.js:327:16[90m)[39m
    at [90m/app/applet/[39msrc/firebase.ts:21:46
[90m    at processTicksAndRejections (node:internal/process/task_queues:103:5)[39m
    at VitestModuleEvaluator._runInlinedModule [90m(file:///app/applet/[39mnode_modules/[4mvitest[24m/dist/module-evaluator.js:206:4[90m)[39m
    at VitestModuleRunner.directRequest [90m(file:///app/applet/[39mnode_modules/[4mvite[24m/dist/node/module-runner.js:1284:61[90m)[39m
    at VitestModuleRunner.cachedRequest [90m(file:///app/applet/[39mnode_modules/[4mvite[24m/dist/node/module-runner.js:1180:76[90m)[39m
    at [90m/app/applet/[39msrc/domains/attendance/services/FirestoreAttendanceQueryService.ts:2:1
    at VitestModuleEvaluator._runInlinedModule [90m(file:///app/applet/[39mnode_modules/[4mvitest[24m/dist/module-evaluator.js:206:4[90m)[39m
    at VitestModuleRunner.directRequest [90m(file:///app/applet/[39mnode_modules/[4mvite[24m/dist/node/module-runner.js:1284:61[90m)[39m {
  codeFrame: [32m'vi.mock(import("firebase/firestore"), async (importOriginal) => {\n'[39m +
    [32m'  const actual = await importOriginal()\n'[39m +
    [32m'  return {\n'[39m +
    [32m'    ...actual,\n'[39m +
    [32m'    // your mocked methods\n'[39m +
    [32m'  }\n'[39m +
    [32m'})'[39m
}

 [32m✓[39m src/domains/attendance/__tests__/services/FirestoreAttendanceQueryService.test.ts [2m([22m[2m2 tests[22m[2m)[22m[32m 13[2mms[22m[39m
 [32m✓[39m src/domains/attendance/__tests__/Validators.test.ts [2m([22m[2m14 tests[22m[2m)[22m[32m 13[2mms[22m[39m
 [32m✓[39m src/domains/attendance/__tests__/AttendancePolicy.test.ts [2m([22m[2m12 tests[22m[2m)[22m[32m 10[2mms[22m[39m
 [32m✓[39m src/domains/attendance/__tests__/ScannerFeedbackEngine.test.ts [2m([22m[2m5 tests[22m[2m)[22m[32m 9[2mms[22m[39m
 [32m✓[39m src/domains/attendance/__tests__/AttendanceStateMachine.test.ts [2m([22m[2m3 tests[22m[2m)[22m[32m 8[2mms[22m[39m
 [32m✓[39m src/domains/attendance/__tests__/ScannerSessionManager.test.ts [2m([22m[2m5 tests[22m[2m)[22m[32m 10[2mms[22m[39m
 [32m✓[39m src/domains/attendance/__tests__/scanner/ScannerInputNormalizer.test.ts [2m([22m[2m7 tests[22m[2m)[22m[32m 7[2mms[22m[39m
 [32m✓[39m src/domains/attendance/__tests__/AttendanceUtils.test.ts [2m([22m[2m5 tests[22m[2m)[22m[32m 6[2mms[22m[39m

[31m⎯⎯⎯⎯⎯⎯[39m[1m[41m Failed Suites 2 [49m[22m[31m⎯⎯⎯⎯⎯⎯⎯[39m

[41m[1m FAIL [22m[49m src/domains/attendance/__tests__/repositories/FirestoreStaffRepository.test.ts[2m [ src/domains/attendance/__tests__/repositories/FirestoreStaffRepository.test.ts ][22m
[31m[1mError[22m: Transform failed with 1 error:
/app/applet/src/domains/attendance/__tests__/repositories/FirestoreStaffRepository.test.ts:21:3: ERROR: Expected ")" but found ";"[39m
  Plugin: [35mvite:esbuild[39m
  File: [36m/app/applet/src/domains/attendance/__tests__/repositories/FirestoreStaffRepository.test.ts[39m:21:3
[33m  
  Expected ")" but found ";"
  19 |      Timestamp: class Timestamp { constructor(s,n){} toDate() { return new Date(); } static now() { return new Timestamp(0,0); } static fromDate(d) { return new Timestamp(0,0); } },
  20 |      }
  21 |    };
     |     ^
  22 |  });
  23 |  
  [39m
[90m [2m❯[22m failureErrorWithLog node_modules/esbuild/lib/main.js:[2m1467:15[22m[39m
[90m [2m❯[22m node_modules/esbuild/lib/main.js:[2m736:50[22m[39m
[90m [2m❯[22m responseCallbacks.<computed> node_modules/esbuild/lib/main.js:[2m603:9[22m[39m
[90m [2m❯[22m handleIncomingPacket node_modules/esbuild/lib/main.js:[2m658:12[22m[39m
[90m [2m❯[22m Socket.readFromStdout node_modules/esbuild/lib/main.js:[2m581:7[22m[39m

[31m[2m⎯⎯⎯⎯⎯⎯⎯⎯⎯⎯⎯⎯⎯⎯⎯⎯⎯⎯⎯⎯⎯⎯⎯[1/16]⎯[22m[39m

[41m[1m FAIL [22m[49m src/domains/attendance/__tests__/ui/ScannerPage.test.tsx[2m [ src/domains/attendance/__tests__/ui/ScannerPage.test.tsx ][22m
[31m[1mTypeError[22m: () => ({
    initialize: vi.fn().mockResolvedValue(void 0),
    destroy: __vite_ssr_impor...<omitted>...}) is not a constructor[39m
[36m [2m❯[22m src/domains/attendance/ui/scanner/ScannerPage.tsx:[2m31:24[22m[39m
    [90m 29|[39m )[33m;[39m
    [90m 30|[39m
    [90m 31|[39m [35mconst[39m scannerService [33m=[39m [35mnew[39m [33mUnifiedScannerService[39m(attendanceService[33m,[39m {
    [90m   |[39m                        [31m^[39m
    [90m 32|[39m   debounceMs[33m:[39m [34m1500[39m[33m,[39m [90m// Generous debounce for testing[39m
    [90m 33|[39m   soundFeedbackEnabled[33m:[39m [35mtrue[39m[33m,[39m
[90m [2m❯[22m src/domains/attendance/__tests__/ui/ScannerPage.test.tsx:[2m3:1[22m[39m

[31m[2m⎯⎯⎯⎯⎯⎯⎯⎯⎯⎯⎯⎯⎯⎯⎯⎯⎯⎯⎯⎯⎯⎯⎯[2/16]⎯[22m[39m


[31m⎯⎯⎯⎯⎯⎯[39m[1m[41m Failed Tests 14 [49m[22m[31m⎯⎯⎯⎯⎯⎯⎯[39m

[41m[1m FAIL [22m[49m src/domains/attendance/__tests__/repositories/FirestoreAttendanceLogRepository.test.ts[2m > [22mFirestoreAttendanceLogRepository[2m > [22mshould findByAttendanceId
[31m[1mTypeError[22m: repo.findByAttendanceId is not a function[39m
[36m [2m❯[22m src/domains/attendance/__tests__/repositories/FirestoreAttendanceLogRepository.test.ts:[2m53:32[22m[39m
    [90m 51|[39m     (getDocs [35mas[39m any)[33m.[39m[34mmockResolvedValue[39m({ docs[33m:[39m mockDocs })[33m;[39m
    [90m 52|[39m
    [90m 53|[39m     [35mconst[39m results [33m=[39m [35mawait[39m repo[33m.[39m[34mfindByAttendanceId[39m([32m'a1'[39m)[33m;[39m
    [90m   |[39m                                [31m^[39m
    [90m 54|[39m     [34mexpect[39m(results)[33m.[39m[34mtoHaveLength[39m([34m1[39m)[33m;[39m
    [90m 55|[39m   })[33m;[39m

[31m[2m⎯⎯⎯⎯⎯⎯⎯⎯⎯⎯⎯⎯⎯⎯⎯⎯⎯⎯⎯⎯⎯⎯⎯[3/16]⎯[22m[39m

[41m[1m FAIL [22m[49m src/domains/attendance/__tests__/repositories/FirestoreAttendanceLogRepository.test.ts[2m > [22mFirestoreAttendanceLogRepository[2m > [22mshould create log
[31m[1mTypeError[22m: repo.create is not a function[39m
[36m [2m❯[22m src/domains/attendance/__tests__/repositories/FirestoreAttendanceLogRepository.test.ts:[2m63:31[22m[39m
    [90m 61|[39m     (doc [35mas[39m any)[33m.[39m[34mmockReturnValue[39m({ id[33m:[39m [32m'new-id'[39m })[33m;[39m
    [90m 62|[39m
    [90m 63|[39m     [35mconst[39m result [33m=[39m [35mawait[39m repo[33m.[39m[34mcreate[39m({
    [90m   |[39m                               [31m^[39m
    [90m 64|[39m       attendanceId[33m:[39m [32m'a1'[39m[33m,[39m
    [90m 65|[39m       action[33m:[39m [32m'CHECKED_IN'[39m[33m,[39m

[31m[2m⎯⎯⎯⎯⎯⎯⎯⎯⎯⎯⎯⎯⎯⎯⎯⎯⎯⎯⎯⎯⎯⎯⎯[4/16]⎯[22m[39m

[41m[1m FAIL [22m[49m src/domains/attendance/__tests__/repositories/FirestoreAttendanceRepository.test.ts[2m > [22mFirestoreAttendanceRepository[2m > [22mshould findLatestByStaffIdAndDate
[31m[1mTypeError[22m: repo.findLatestByStaffIdAndDate is not a function[39m
[36m [2m❯[22m src/domains/attendance/__tests__/repositories/FirestoreAttendanceRepository.test.ts:[2m56:31[22m[39m
    [90m 54|[39m     (getDocs as any).mockResolvedValue({ empty: false, docs: mockDocs …
    [90m 55|[39m
    [90m 56|[39m     const result = await repo.findLatestByStaffIdAndDate('s1', new Dat…
    [90m   |[39m                               [31m^[39m
    [90m 57|[39m     [34mexpect[39m(result[33m?.[39mid)[33m.[39m[34mtoBe[39m([32m'a1'[39m)[33m;[39m
    [90m 58|[39m   })[33m;[39m

[31m[2m⎯⎯⎯⎯⎯⎯⎯⎯⎯⎯⎯⎯⎯⎯⎯⎯⎯⎯⎯⎯⎯⎯⎯[5/16]⎯[22m[39m

[41m[1m FAIL [22m[49m src/domains/attendance/__tests__/repositories/FirestoreAttendanceRepository.test.ts[2m > [22mFirestoreAttendanceRepository[2m > [22mshould create attendance
[31m[1mTypeError[22m: repo.create is not a function[39m
[36m [2m❯[22m src/domains/attendance/__tests__/repositories/FirestoreAttendanceRepository.test.ts:[2m76:31[22m[39m
    [90m 74|[39m     (doc [35mas[39m any)[33m.[39m[34mmockReturnValue[39m({ id[33m:[39m [32m'new-id'[39m })[33m;[39m
    [90m 75|[39m
    [90m 76|[39m     [35mconst[39m result [33m=[39m [35mawait[39m repo[33m.[39m[34mcreate[39m({
    [90m   |[39m                               [31m^[39m
    [90m 77|[39m       staffId[33m:[39m [32m's1'[39m[33m,[39m
    [90m 78|[39m       status[33m:[39m [32m'CHECKED_IN'[39m[33m,[39m

[31m[2m⎯⎯⎯⎯⎯⎯⎯⎯⎯⎯⎯⎯⎯⎯⎯⎯⎯⎯⎯⎯⎯⎯⎯[6/16]⎯[22m[39m

[41m[1m FAIL [22m[49m src/domains/attendance/__tests__/repositories/FirestoreAttendanceRepository.test.ts[2m > [22mFirestoreAttendanceRepository[2m > [22mshould update attendance
[31m[1mTypeError[22m: repo.update is not a function[39m
[36m [2m❯[22m src/domains/attendance/__tests__/repositories/FirestoreAttendanceRepository.test.ts:[2m95:16[22m[39m
    [90m 93|[39m     (updateDoc [35mas[39m any)[33m.[39m[34mmockResolvedValue[39m(undefined)[33m;[39m
    [90m 94|[39m
    [90m 95|[39m     [35mawait[39m repo[33m.[39m[34mupdate[39m([32m'a1'[39m[33m,[39m { status[33m:[39m [32m'CHECKED_OUT'[39m })[33m;[39m
    [90m   |[39m                [31m^[39m
    [90m 96|[39m     [34mexpect[39m(updateDoc)[33m.[39m[34mtoHaveBeenCalled[39m()[33m;[39m
    [90m 97|[39m   })[33m;[39m

[31m[2m⎯⎯⎯⎯⎯⎯⎯⎯⎯⎯⎯⎯⎯⎯⎯⎯⎯⎯⎯⎯⎯⎯⎯[7/16]⎯[22m[39m

[41m[1m FAIL [22m[49m src/domains/attendance/__tests__/repositories/FirestoreBarcodeRepository.test.ts[2m > [22mFirestoreBarcodeRepository[2m > [22mshould findActiveByStaff
[31m[1mAssertionError[22m: expected { id: 'b1', …(16) } to have property 'length'[39m
[36m [2m❯[22m src/domains/attendance/__tests__/repositories/FirestoreBarcodeRepository.test.ts:[2m64:21[22m[39m
    [90m 62|[39m
    [90m 63|[39m     [35mconst[39m results [33m=[39m [35mawait[39m repo[33m.[39m[34mfindActiveByStaffId[39m([32m'staff1'[39m)[33m;[39m
    [90m 64|[39m     [34mexpect[39m(results)[33m.[39m[34mtoHaveLength[39m([34m1[39m)[33m;[39m
    [90m   |[39m                     [31m^[39m
    [90m 65|[39m   })[33m;[39m
    [90m 66|[39m

[31m[2m⎯⎯⎯⎯⎯⎯⎯⎯⎯⎯⎯⎯⎯⎯⎯⎯⎯⎯⎯⎯⎯⎯⎯[8/16]⎯[22m[39m

[41m[1m FAIL [22m[49m src/domains/attendance/__tests__/repositories/FirestoreBarcodeRepository.test.ts[2m > [22mFirestoreBarcodeRepository[2m > [22mshould create barcode
[31m[1mError[22m: [vitest] No "runTransaction" export is defined on the "firebase/firestore" mock. Did you forget to return it from "vi.mock"?
If you need to partially mock a module, you can use "importOriginal" helper inside:
[39m
vi.mock(import("firebase/firestore"), async (importOriginal) => {
  const actual = await importOriginal()
  return {
    ...actual,
    // your mocked methods
  }
})

[36m [2m❯[22m FirestoreBarcodeRepository.createInitialForStaff src/domains/attendance/repositories/FirestoreBarcodeRepository.ts:[2m41:11[22m[39m
    [90m 39|[39m     [35mconst[39m staffRef [33m=[39m [34mdoc[39m(db[33m,[39m [33mSTAFF_COLLECTION_NAME[39m[33m,[39m barcode[33m.[39mstaffId)[33m;[39m
    [90m 40|[39m
    [90m 41|[39m     [35mawait[39m [34mrunTransaction[39m(db[33m,[39m [35masync[39m (tx) [33m=>[39m {
    [90m   |[39m           [31m^[39m
    [90m 42|[39m       [35mconst[39m staffSnap [33m=[39m [35mawait[39m tx[33m.[39m[35mget[39m(staffRef)[33m;[39m
    [90m 43|[39m       [35mif[39m ([33m![39mstaffSnap[33m.[39m[34mexists[39m()) {
[90m [2m❯[22m src/domains/attendance/__tests__/repositories/FirestoreBarcodeRepository.test.ts:[2m75:31[22m[39m

[31m[2m⎯⎯⎯⎯⎯⎯⎯⎯⎯⎯⎯⎯⎯⎯⎯⎯⎯⎯⎯⎯⎯⎯⎯[9/16]⎯[22m[39m

[41m[1m FAIL [22m[49m src/domains/attendance/__tests__/services/FirestoreAttendanceTransactionService.test.ts[2m > [22mFirestoreAttendanceTransactionService[2m > [22mshould execute CheckIn transaction successfully
[41m[1m FAIL [22m[49m src/domains/attendance/__tests__/services/FirestoreAttendanceTransactionService.test.ts[2m > [22mFirestoreAttendanceTransactionService[2m > [22mshould fail CheckIn if record already exists
[41m[1m FAIL [22m[49m src/domains/attendance/__tests__/services/FirestoreAttendanceTransactionService.test.ts[2m > [22mFirestoreAttendanceTransactionService[2m > [22mshould execute CheckOut transaction successfully
[41m[1m FAIL [22m[49m src/domains/attendance/__tests__/services/FirestoreAttendanceTransactionService.test.ts[2m > [22mFirestoreAttendanceTransactionService[2m > [22mshould fail CheckOut if record does not exist
[41m[1m FAIL [22m[49m src/domains/attendance/__tests__/services/FirestoreAttendanceTransactionService.test.ts[2m > [22mFirestoreAttendanceTransactionService[2m > [22mshould execute executeManual as checkin
[41m[1m FAIL [22m[49m src/domains/attendance/__tests__/services/FirestoreAttendanceTransactionService.test.ts[2m > [22mFirestoreAttendanceTransactionService[2m > [22mshould execute executeManualUpdate as checkout
[41m[1m FAIL [22m[49m src/domains/attendance/__tests__/services/FirestoreAttendanceTransactionService.test.ts[2m > [22mFirestoreAttendanceTransactionService[2m > [22mshould execute FailedLog transaction
[31m[1mTypeError[22m: doc.mockReturnValue is not a function[39m
[36m [2m❯[22m src/domains/attendance/__tests__/services/FirestoreAttendanceTransactionService.test.ts:[2m31:18[22m[39m
    [90m 29|[39m     [90m// We mock doc() to return something with an id[39m
    [90m 30|[39m     [35mconst[39m { doc } [33m=[39m [34mrequire[39m([32m'firebase/firestore'[39m)[33m;[39m
    [90m 31|[39m     (doc [35mas[39m any)[33m.[39m[34mmockReturnValue[39m({ id[33m:[39m [32m'mock-id'[39m })[33m;[39m
    [90m   |[39m                  [31m^[39m
    [90m 32|[39m   })[33m;[39m
    [90m 33|[39m

[31m[2m⎯⎯⎯⎯⎯⎯⎯⎯⎯⎯⎯⎯⎯⎯⎯⎯⎯⎯⎯⎯⎯⎯[10/16]⎯[22m[39m


[2m Test Files [22m [1m[31m6 failed[39m[22m[2m | [22m[1m[32m15 passed[39m[22m[90m (21)[39m
[2m      Tests [22m [1m[31m14 failed[39m[22m[2m | [22m[1m[32m123 passed[39m[22m[90m (137)[39m
[2m   Start at [22m 08:42:03
[2m   Duration [22m 42.15s[2m (transform 708ms, setup 5.21s, import 1.01s, tests 380ms, environment 29.10s)[22m

